---
source: external-crates/move/crates/move-transactional-test-runner/src/framework.rs
---
processed 10 tasks

init:
A: object(0,0)

task 1, lines 10-13:
//# publish --upgradeable --sender A
created: object(1,0), object(1,1)
mutated: object(0,0)
gas summary: computation_cost: 1000000, storage_cost: 5069200,  storage_rebate: 0, non_refundable_storage_fee: 0

task 2, lines 15-18:
//# publish --upgradeable --sender A
created: object(2,0), object(2,1)
mutated: object(0,0)
gas summary: computation_cost: 1000000, storage_cost: 5160400,  storage_rebate: 978120, non_refundable_storage_fee: 9880

task 3, lines 20-24:
//# upgrade --package DependencyV1 --upgrade-capability 2,1 --dependencies PausedLeaf --sender A
created: object(3,0)
mutated: object(0,0), object(2,1)
gas summary: computation_cost: 1000000, storage_cost: 6057200,  storage_rebate: 2595780, non_refundable_storage_fee: 26220

task 4, lines 26-28:
//# programmable --sender A --inputs object(2,1) object(0x426)
//> 0: sui::package::enable_minversion(Input(0));
//> sui::package_config::record_minversion_enrollment(Input(1), Result(0));
created: object(4,0), object(4,1), object(4,2)
mutated: 0x0000000000000000000000000000000000000000000000000000000000000426, object(0,0), object(2,1)
gas summary: computation_cost: 1000000, storage_cost: 11985200,  storage_rebate: 2595780, non_refundable_storage_fee: 26220

task 5, lines 30-33:
//# advance-epoch
Epoch advanced: 1

task 6, lines 34-38:
//# publish --upgradeable --dependencies DependencyV1 --sender A
created: object(6,0), object(6,1)
mutated: object(0,0)
gas summary: computation_cost: 1000000, storage_cost: 6224400,  storage_rebate: 978120, non_refundable_storage_fee: 9880

task 7, lines 40-43:
//# run sui::package_config::enable_global_pause --args object(0x426) object(1,1) --sender A
created: object(7,0), object(7,1), object(7,2)
mutated: 0x0000000000000000000000000000000000000000000000000000000000000426, object(0,0), object(1,1)
gas summary: computation_cost: 1000000, storage_cost: 11248000,  storage_rebate: 3980196, non_refundable_storage_fee: 40204

task 8, lines 44-48:
//# publish --dependencies DependencyV1 --sender A
Error: Error checking transaction input objects: Transaction is denied: Package object(1,0) is globally paused

task 9, lines 50-54:
//# upgrade --package UpgradePublisherV1 --upgrade-capability 6,1 --dependencies DependencyV1 --sender A
Error: Error checking transaction input objects: Transaction is denied: Package object(1,0) is globally paused
